exports[`ClinicalInfo: index renders without crashing 1`] = `
<div>
  <h3
    className="hWxLNB">
    Step 3: Clinical Information
  </h3>
  <div
    className="form-group has-feedback">
    <label
      className="control-label"
      htmlFor={undefined}>
      Provide Clinical Information
      <span
        className="lnMAUb">
        Required
      </span>
    </label>
    <div
      className="kWhIoX">
      Type or copy and paste clinical notes and the diagnosis here. Comprehensive notes increase the chance of a successful diagnosis.
    </div>
    <textarea
      className="ebbddk form-control"
      id={undefined}
      name="clinicalInfo"
      onChange={[Function]}
      style={
        Object {
          "minHeight": 90,
        }
      }
      type={undefined}
      value={undefined} />
    <span
      className="SfhHK help-block" />
  </div>
  <div
    className="form-group has-feedback">
    <label
      className="control-label"
      htmlFor={undefined}>
      Provide results from relevant investigations
      <span
        className="lnMAUb">
        Optional
      </span>
    </label>
    <div
      className="kWhIoX">
      Provide notes from genetic tests, imaging results, etc.
    </div>
    <textarea
      className="ebbddk form-control"
      id={undefined}
      name="relevantInvestigation"
      onChange={[Function]}
      style={
        Object {
          "minHeight": 90,
        }
      }
      type={undefined}
      value={undefined} />
    <span
      className="SfhHK help-block" />
  </div>
  <div
    className="form-group has-feedback">
    <label
      className="control-label"
      htmlFor={undefined}>
      Family History
      <span
        className="lnMAUb">
        Optional
      </span>
    </label>
    <div
      className="kWhIoX">
      Please describe the family history.
    </div>
    <textarea
      className="ebbddk form-control"
      id={undefined}
      name="familyHistory"
      onChange={[Function]}
      style={
        Object {
          "minHeight": 90,
        }
      }
      type={undefined}
      value={undefined} />
    <span
      className="SfhHK help-block" />
  </div>
  <label
    className="jEVCcT">
    Attachments
    <span
      className="lnMAUb">
      Optional
    </span>
  </label>
  <p
    className="kvAVcE"
    style={
      Object {
        "margin": "0 0 4px 0",
      }
    }>
    Please upload any relevant attachments e.g. a scanned pedigree
  </p>
  <div
    className=""
    onClick={[Function]}
    onDragEnter={[Function]}
    onDragLeave={[Function]}
    onDragOver={[Function]}
    onDragStart={[Function]}
    onDrop={[Function]}
    style={
      Object {
        "border": "1px dashed #aaa",
        "marginBottom": 24,
        "padding": 16,
        "width": "100%",
      }
    }>
    <div
      style={
        Object {
          "marginBottom": 24,
        }
      }>
      <div
        className="iubaNK">
        <button
          className="jEoofW btn btn-link"
          disabled={false}
          onClick={[Function]}
          type="button">
          <span
            className="glyphicon glyphicon-file" />
           
          A
        </button>
        <button
          className="gVOLHi btn btn-xs btn-link"
          disabled={false}
          name={0}
          onClick={[Function]}
          type="button">
          <span
            className="glyphicon glyphicon-trash" />
           Remove
        </button>
      </div>
      <div
        className="iubaNK">
        <button
          className="jEoofW btn btn-link"
          disabled={false}
          onClick={[Function]}
          type="button">
          <span
            className="glyphicon glyphicon-file" />
           
          B
        </button>
        <button
          className="gVOLHi btn btn-xs btn-link"
          disabled={false}
          name={1}
          onClick={[Function]}
          type="button">
          <span
            className="glyphicon glyphicon-trash" />
           Remove
        </button>
      </div>
      <div
        className="iubaNK">
        <button
          className="jEoofW btn btn-link"
          disabled={false}
          onClick={[Function]}
          type="button">
          <span
            className="glyphicon glyphicon-file" />
           
          C
        </button>
        <button
          className="gVOLHi btn btn-xs btn-link"
          disabled={false}
          name={2}
          onClick={[Function]}
          type="button">
          <span
            className="glyphicon glyphicon-trash" />
           Remove
        </button>
      </div>
    </div>
    <button
      className="bBdbjl"
      onClick={[Function]}
      style={
        Object {
          "margin": "12px 0",
        }
      }>
      Upload Attachment
    </button>
    <input
      accept={undefined}
      multiple={true}
      onChange={[Function]}
      style={
        Object {
          "display": "none",
        }
      }
      type="file" />
  </div>
  <div
    className="form-group">
    <label
      className="control-label"
      htmlFor={undefined}>
      Consanguinity
    </label>
    <br />
    <table>
      <tbody>
        <tr>
          <td>
            <div
              className="react-toggle"
              onClick={[Function]}
              onTouchEnd={[Function]}
              onTouchMove={[Function]}
              onTouchStart={[Function]}>
              <div
                className="react-toggle-track">
                <div
                  className="react-toggle-track-check">
                  <svg
                    height="11"
                    viewBox="0 0 14 11"
                    width="14">
                    <title>
                      switch-check
                    </title>
                    <path
                      d="M11.264 0L5.26 6.004 2.103 2.847 0 4.95l5.26 5.26 8.108-8.107L11.264 0"
                      fill="#fff"
                      fillRule="evenodd" />
                  </svg>
                </div>
                <div
                  className="react-toggle-track-x">
                  <svg
                    height="10"
                    viewBox="0 0 10 10"
                    width="10">
                    <title>
                      switch-x
                    </title>
                    <path
                      d="M9.9 2.12L7.78 0 4.95 2.828 2.12 0 0 2.12l2.83 2.83L0 7.776 2.123 9.9 4.95 7.07 7.78 9.9 9.9 7.776 7.072 4.95 9.9 2.12"
                      fill="#fff"
                      fillRule="evenodd" />
                  </svg>
                </div>
              </div>
              <div
                className="react-toggle-thumb" />
              <input
                checked={false}
                className="react-toggle-screenreader-only"
                name="consanguinity"
                onBlur={[Function]}
                onChange={[Function]}
                onFocus={[Function]}
                type="checkbox" />
            </div>
          </td>
          <td />
        </tr>
      </tbody>
    </table>
    <span
      className="SfhHK help-block" />
  </div>
  <button
    className="ieDBA"
    disabled={false}
    label="Back"
    onClick={[Function]}>
    Back
  </button>
  <button
    className="bBdbjl"
    disabled={false}
    onClick={[Function]}
    type="submit">
    Next
  </button>
</div>
`;
