exports[`<UniversalNavigation /> renders correctly 1`] = `
<nav
  className="fvulNi navbar navbar-default">
  <div
    className="container">
    <div
      className="container"
      style={
        Object {
          "maxWidth": 940,
          "padding": 0,
        }
      }>
      <div
        className="navbar-header">
        <span
          className="navbar-brand">
          <a
            href="/">
            <img
              alt="logo"
              src="test-file-stub"
              style={
                Object {
                  "height": 64,
                  "marginTop": -8,
                  "width": "auto",
                }
              } />
          </a>
          <span
            className="hdMxID">
            Test Request App
          </span>
        </span>
        <button
          className="navbar-toggle collapsed"
          onClick={[Function]}
          type="button">
          <span
            className="sr-only">
            Toggle navigation
          </span>
          <span
            className="icon-bar" />
          <span
            className="icon-bar" />
          <span
            className="icon-bar" />
        </button>
      </div>
    </div>
  </div>
</nav>
`;
