exports[`test PrintRecord renders without crashing  1`] = `
<div
  className="lkOvOy">
  <div>
    <div
      className="row">
      <div
        className="col-sm-4">
        <img
          alt="logo"
          className="App-logo"
          src="test-file-stub"
          style={
            Object {
              "width": 200,
            }
          } />
        <div
          style={
            Object {
              "marginTop": 70,
            }
          }>
          Request Id: 
           
          <br />
          Date submitted: 
          Invalid Date
        </div>
      </div>
      <div
        className="col-sm-4"
        style={
          Object {
            "border": "2px solid #000",
            "padding": 12,
          }
        }>
        <div>
          <b>
            Deliver specimens to: 
            <br />
            Central Specimen Reception (CSR)SydPath 
            <br />
          </b>
          St Vincentâ€™s Hospital, Xavier Building 
          <br />
          Level 6, 390 Victoria St 
          <br />
          Darlinghurst NSW 2010 Australia 
          <br />
          P +61 2 8382 9100
        </div>
      </div>
      <div
        className="col-sm-4">
        <div
          className="pull-right"
          style={
            Object {
              "fontSize": 12,
            }
          }>
          <p
            style={
              Object {
                "marginBottom": 8,
              }
            }>
            Genome.One Pty Ltd 
            <br />
            ACN 608 029 732 
            <br />
          </p>
          <p
            style={
              Object {
                "marginBottom": 16,
              }
            }>
            370 Victoria St 
            <br />
            Darlinghurst NSW 2010 
            <br />
            Sydney  Australia
          </p>
          <p>
            P +61 2 9359 8002 
            <br />
            F +61 2 9359 8033 
            <br />
            E enquiries@genome.one 
            <br />
            Web: www.genome.one
          </p>
        </div>
      </div>
    </div>
  </div>
  <br />
  <div
    style={
      Object {
        "marginTop": "5pt",
      }
    }>
    <h3
      className="gcYJLi">
      Patient - 
      Ngabcuyen abcabc
    </h3>
    <p>
      <strong>
         Date of Birth: 
      </strong>
      undefined/undefined/1/February/1917
    </p>
    <p>
      <strong>
         Medical record number:  
      </strong>
      123123
    </p>
    <p>
      <strong>
         Gender:  
      </strong>
      Male
    </p>
    <p>
      <strong>
         Consanguinity:  
      </strong>
      No
    </p>
    <div
      className="dDFwYz" />
    <strong>
       Clinical note: 
    </strong>
    <p>
      Dissuade ecstatic and properly saw entirely sir why laughter endeavor. In on my jointure horrible margaret suitable he followed speedily. Indeed vanity excuse or mr lovers of on. By offer scale an stuff. Blush be sorry no sight. Sang lose of hour then he left find
    </p>
    <br />
    <div>
      <strong>
         Relevant investigation: 
      </strong>
      <p>
        asdkfhgasdlfhabsdlfjhalsfdjh
      </p>
      <br />
    </div>
    <div>
      <strong>
         Family history: 
      </strong>
      <p>
        kasdfbljkbfalhfasvfkjabskldfbkjsdfbkdashfvdjhfhb;kfjv;hfv;fjbafhb;akfd
      </p>
    </div>
  </div>
  <div>
    <div>
      <h3
        className="gcYJLi">
        Family Member (
        ) - 
        abc@abc.com abc@abc.com
      </h3>
      <p>
        <strong>
           Date of Birth:  
        </strong>
        undefined/undefined/2/January/1918
      </p>
      <p>
        <strong>
           Medical record number:  
        </strong>
        abc@abc.com
      </p>
      <p>
        <strong>
           Gender:  
        </strong>
        Female
      </p>
      <p>
        <strong>
           Consanguinity:  
        </strong>
        No
      </p>
      <p>
        <strong>
           Affected:  
        </strong>
        Yes
      </p>
      <div
        className="dDFwYz" />
      <div>
        <strong>
           Clinical note 
        </strong>
        <p>
          abc@abc.com
        </p>
      </div>
      <br />
      <div>
        <strong>
           Relevant investigation 
        </strong>
        <div>
          <p>
            asdasdasd
          </p>
        </div>
        <br />
      </div>
    </div>
    <div>
      <h3
        className="gcYJLi">
        Family Member (
        ) - 
        abcsadkfhkladsfj ab.com
      </h3>
      <p>
        <strong>
           Date of Birth:  
        </strong>
        undefined/undefined/2/January/1918
      </p>
      <p>
        <strong>
           Medical record number:  
        </strong>
        abc@abc.com
      </p>
      <p>
        <strong>
           Gender:  
        </strong>
        Male
      </p>
      <p>
        <strong>
           Deceased:  
        </strong>
        Yes
      </p>
      <p>
        <strong>
           Consanguinity:  
        </strong>
        No
      </p>
      <p>
        <strong>
           Affected:  
        </strong>
        No
      </p>
      <div
        className="dDFwYz" />
      <div>
        <strong>
           Clinical note 
        </strong>
        <p>
          abc@abc.com
        </p>
      </div>
      <br />
      <div>
        <strong>
           Relevant investigation 
        </strong>
        <div>
          <p>
            asdasdasdasd
          </p>
        </div>
        <br />
      </div>
    </div>
  </div>
  <div
    style={
      Object {
        "marginTop": "-20pt",
      }
    }>
    <h3
      className="gcYJLi">
      Clinician - 
      John Doe
    </h3>
    <p>
      <strong>
         Organisation/Address of practice:  
      </strong>
      as
    </p>
    <p>
      <strong>
         Provider number:  
      </strong>
      as
    </p>
    <p>
      <strong>
         Medical specialty:  
      </strong>
      as
    </p>
    <p>
      <strong>
         Phone:  
      </strong>
      as
    </p>
    <p>
      <strong>
         Email:  
      </strong>
      asfd@abc.com
    </p>
    <p>
      <strong>
         Fax:  
      </strong>
      as
    </p>
    <br />
    <div>
      <div
        className="dDFwYz" />
      <br />
      <p
        style={
          Object {
            "marginTop": "-5pt",
          }
        }>
         
        <strong>
          Copy of report to - 
          asdf
           
          asdf
        </strong>
      </p>
      <p>
        <strong>
           Organisation/Address of practice:  
        </strong>
        adsf
      </p>
      <p>
        <strong>
           Email: 
        </strong>
        asfd@abc.com
      </p>
      <br />
    </div>
    <div>
      <div
        className="dDFwYz" />
      <br />
      <p
        style={
          Object {
            "marginTop": "-5pt",
          }
        }>
         
        <strong>
          Copy of report to - 
          asdf
           
          asdf
        </strong>
      </p>
      <p>
        <strong>
           Organisation/Address of practice:  
        </strong>
        adsf
      </p>
      <p>
        <strong>
           Email: 
        </strong>
        asfd@abc.com
      </p>
      <br />
    </div>
  </div>
  <div
    style={
      Object {
        "marginTop": "-5pt",
      }
    }>
    <h3
      className="gcYJLi">
      Test Ordered
    </h3>
    <h4>
      <strong>
        Consequatur adipisci modi laudantium tenetur ea exercitationem id
      </strong>
    </h4>
    <p
      style={
        Object {
          "fontWeight": 400,
          "textTransform": "capitalize",
        }
      }>
      complete
       panel - included genes:
    </p>
    <div>
      <span
        className="dlnqYf label label-default">
        GZOW
      </span>
      <span
        className="dlnqYf label label-default">
        KIHG
      </span>
      <span
        className="dlnqYf label label-default">
        DRCO
      </span>
      <span
        className="dlnqYf label label-default">
        DWBY
      </span>
      <span
        className="dlnqYf label label-default">
        ZMZY
      </span>
      <span
        className="dlnqYf label label-default">
        BMBP
      </span>
      <span
        className="dlnqYf label label-default">
        OLZO
      </span>
      <span
        className="dlnqYf label label-default">
        PZOA
      </span>
    </div>
  </div>
  <div
    style={
      Object {
        "marginTop": "10pt",
      }
    }>
    <h3
      className="gcYJLi">
      Billing Information
    </h3>
    <div>
      <p>
        <strong>
           Payer:  
        </strong>
        abc abc
      </p>
      <p>
        <strong>
           Mobile:  
        </strong>
        +61412334477
      </p>
      <p>
        <strong>
           Email:  
        </strong>
        abc@gmail.com
      </p>
    </div>
    <div
      className="fuxWdL" />
  </div>
</div>
`;
