exports[`ConfirmationModal the button and modal renders correctly 1`] = `
<span>
  <button
    className="bBdbjl"
    onClick={[Function]}>
    Confirm
  </button>
</span>
`;
