exports[`test PriceList renders correctly 1`] = `
<div
  className="row">
  <div
    className="col-md-12">
    <div
      className="col-md-9 BtjpU"
      style={null}>
      aa
       
    </div>
    <div
      className="col-md-2 dpLQwy"
      style={null}>
      $
      111
    </div>
  </div>
</div>
`;
