exports[`<UniversalNavigation /> renders correctly 1`] = `
<nav
  className="navbar navbar-default">
  <div
    className="container">
    <div
      className="navbar-header">
      <a
        className="navbar-brand"
        href="#">
        Home
      </a>
    </div>
    <ul
      className="nav navbar-nav"
      role={null}>
      <li
        className=""
        role="presentation"
        style={undefined}>
        <a
          href="#"
          onClick={[Function]}
          role="button">
          Link
        </a>
      </li>
      <li
        className=""
        role="presentation"
        style={undefined}>
        <a
          href="#"
          onClick={[Function]}
          role="button">
          Link
        </a>
      </li>
    </ul>
  </div>
</nav>
`;
